// Vitest Snapshot v1, https://vitest.dev/guide/snapshot.html

exports[`BackHeader > BackHeader snapshot 1`] = `
<body>
  <div>
    <div>
      <a
        class="btn-ghost btn mb-2 gap-2"
        href="/"
      >
        <svg
          aria-hidden="true"
          class="w-6"
          fill="currentColor"
          viewBox="0 0 24 24"
          xmlns="http://www.w3.org/2000/svg"
        >
          <path
            clip-rule="evenodd"
            d="M20.25 12a.75.75 0 01-.75.75H6.31l5.47 5.47a.75.75 0 11-1.06 1.06l-6.75-6.75a.75.75 0 010-1.06l6.75-6.75a.75.75 0 111.06 1.06l-5.47 5.47H19.5a.75.75 0 01.75.75z"
            fill-rule="evenodd"
          />
        </svg>
        Back
      </a>
    </div>
    <hr
      class="mb-4"
    />
  </div>
</body>
`;
