// Vitest Snapshot v1, https://vitest.dev/guide/snapshot.html

exports[`Body > Body snapshot admin 1`] = `
<body>
  <div>
    <div
      class="drawer-mobile drawer"
    >
      <input
        class="drawer-toggle"
        id="drawer"
        type="checkbox"
      />
      <div
        class="drawer-content flex flex-col"
      >
        <nav
          class="navbar absolute left-0 top-0 h-16 bg-primary text-primary-content shadow-md"
        >
          <div
            class="flex-none lg:hidden"
          >
            <label
              class="btn-ghost btn-square btn"
              for="drawer"
            >
              <svg
                aria-hidden="true"
                class="inline-block h-6 w-6 stroke-current"
                fill="currentColor"
                viewBox="0 0 24 24"
                xmlns="http://www.w3.org/2000/svg"
              >
                <path
                  clip-rule="evenodd"
                  d="M3 6.75A.75.75 0 013.75 6h16.5a.75.75 0 010 1.5H3.75A.75.75 0 013 6.75zM3 12a.75.75 0 01.75-.75h16.5a.75.75 0 010 1.5H3.75A.75.75 0 013 12zm0 5.25a.75.75 0 01.75-.75h16.5a.75.75 0 010 1.5H3.75a.75.75 0 01-.75-.75z"
                  fill-rule="evenodd"
                />
              </svg>
            </label>
          </div>
          <div
            class="flex-1"
          >
            <a
              class="btn-ghost btn text-xl normal-case"
              href="/"
            >
              <img
                alt="Logo"
                class="mr-4 w-16 rounded"
                src="/images/logo.png"
              />
              <span
                class="text-xl font-semibold tracking-tight"
              >
                Achievers WA
              </span>
            </a>
          </div>
          <div
            class="dropdown-end dropdown hidden lg:block"
          >
            <div
              class="flex cursor-pointer items-center gap-2"
              tabindex="0"
            >
              <div
                class="font-semibold"
              />
              <label
                class="btn-ghost btn-circle avatar btn"
              >
                <div
                  class="w-10 rounded-full"
                >
                  <svg
                    aria-hidden="true"
                    fill="currentColor"
                    viewBox="0 0 24 24"
                    xmlns="http://www.w3.org/2000/svg"
                  >
                    <path
                      clip-rule="evenodd"
                      d="M18.685 19.097A9.723 9.723 0 0021.75 12c0-5.385-4.365-9.75-9.75-9.75S2.25 6.615 2.25 12a9.723 9.723 0 003.065 7.097A9.716 9.716 0 0012 21.75a9.716 9.716 0 006.685-2.653zm-12.54-1.285A7.486 7.486 0 0112 15a7.486 7.486 0 015.855 2.812A8.224 8.224 0 0112 20.25a8.224 8.224 0 01-5.855-2.438zM15.75 9a3.75 3.75 0 11-7.5 0 3.75 3.75 0 017.5 0z"
                      fill-rule="evenodd"
                    />
                  </svg>
                </div>
              </label>
            </div>
            <ul
              class="dropdown-content menu rounded-box w-52 bg-base-100 p-2 shadow"
              tabindex="0"
            >
              <li>
                <a
                  class="font-semibold"
                  href="/logout"
                >
                  <svg
                    aria-hidden="true"
                    class="mr-2 w-6"
                    fill="currentColor"
                    viewBox="0 0 24 24"
                    xmlns="http://www.w3.org/2000/svg"
                  >
                    <path
                      clip-rule="evenodd"
                      d="M7.5 3.75A1.5 1.5 0 006 5.25v13.5a1.5 1.5 0 001.5 1.5h6a1.5 1.5 0 001.5-1.5V15a.75.75 0 011.5 0v3.75a3 3 0 01-3 3h-6a3 3 0 01-3-3V5.25a3 3 0 013-3h6a3 3 0 013 3V9A.75.75 0 0115 9V5.25a1.5 1.5 0 00-1.5-1.5h-6zm5.03 4.72a.75.75 0 010 1.06l-1.72 1.72h10.94a.75.75 0 010 1.5H10.81l1.72 1.72a.75.75 0 11-1.06 1.06l-3-3a.75.75 0 010-1.06l3-3a.75.75 0 011.06 0z"
                      fill-rule="evenodd"
                    />
                  </svg>
                  Logout
                </a>
              </li>
            </ul>
          </div>
        </nav>
        <main
          class="mt-16 flex h-full flex-col overflow-y-auto bg-white p-4"
        />
      </div>
      <div
        class="drawer-side relative mt-16"
      >
        <label
          class="drawer-overlay"
          for="drawer"
        />
        <ul
          class="menu w-80 border-r border-primary bg-base-200 p-4 text-base-content"
        >
          <li>
            <a
              class="mb-2 justify-between rounded bg-base-300 font-semibold"
              href="/users"
            >
              Users
              <svg
                aria-hidden="true"
                class="h-6 w-6"
                fill="currentColor"
                viewBox="0 0 24 24"
                xmlns="http://www.w3.org/2000/svg"
              >
                <path
                  clip-rule="evenodd"
                  d="M16.28 11.47a.75.75 0 010 1.06l-7.5 7.5a.75.75 0 01-1.06-1.06L14.69 12 7.72 5.03a.75.75 0 011.06-1.06l7.5 7.5z"
                  fill-rule="evenodd"
                />
              </svg>
            </a>
          </li>
          <li>
            <a
              class="mb-2 justify-between rounded bg-base-300 font-semibold"
              href="/chapters"
            >
              Chapters
              <svg
                aria-hidden="true"
                class="h-6 w-6"
                fill="currentColor"
                viewBox="0 0 24 24"
                xmlns="http://www.w3.org/2000/svg"
              >
                <path
                  clip-rule="evenodd"
                  d="M16.28 11.47a.75.75 0 010 1.06l-7.5 7.5a.75.75 0 01-1.06-1.06L14.69 12 7.72 5.03a.75.75 0 011.06-1.06l7.5 7.5z"
                  fill-rule="evenodd"
                />
              </svg>
            </a>
          </li>
        </ul>
        <div
          class="absolute bottom-0 right-2 z-10 text-sm italic"
          data-testid="version"
        >
          Version 
          1
        </div>
      </div>
    </div>
  </div>
</body>
`;

exports[`Body > Body snapshot mentor 1`] = `
<body>
  <div>
    <div
      class="drawer-mobile drawer"
    >
      <input
        class="drawer-toggle"
        id="drawer"
        type="checkbox"
      />
      <div
        class="drawer-content flex flex-col"
      >
        <nav
          class="navbar absolute left-0 top-0 h-16 bg-primary text-primary-content shadow-md"
        >
          <div
            class="flex-none lg:hidden"
          >
            <label
              class="btn-ghost btn-square btn"
              for="drawer"
            >
              <svg
                aria-hidden="true"
                class="inline-block h-6 w-6 stroke-current"
                fill="currentColor"
                viewBox="0 0 24 24"
                xmlns="http://www.w3.org/2000/svg"
              >
                <path
                  clip-rule="evenodd"
                  d="M3 6.75A.75.75 0 013.75 6h16.5a.75.75 0 010 1.5H3.75A.75.75 0 013 6.75zM3 12a.75.75 0 01.75-.75h16.5a.75.75 0 010 1.5H3.75A.75.75 0 013 12zm0 5.25a.75.75 0 01.75-.75h16.5a.75.75 0 010 1.5H3.75a.75.75 0 01-.75-.75z"
                  fill-rule="evenodd"
                />
              </svg>
            </label>
          </div>
          <div
            class="flex-1"
          >
            <a
              class="btn-ghost btn text-xl normal-case"
              href="/"
            >
              <img
                alt="Logo"
                class="mr-4 w-16 rounded"
                src="/images/logo.png"
              />
              <span
                class="text-xl font-semibold tracking-tight"
              >
                Achievers WA
              </span>
            </a>
          </div>
          <div
            class="dropdown-end dropdown hidden lg:block"
          >
            <div
              class="flex cursor-pointer items-center gap-2"
              tabindex="0"
            >
              <div
                class="font-semibold"
              />
              <label
                class="btn-ghost btn-circle avatar btn"
              >
                <div
                  class="w-10 rounded-full"
                >
                  <svg
                    aria-hidden="true"
                    fill="currentColor"
                    viewBox="0 0 24 24"
                    xmlns="http://www.w3.org/2000/svg"
                  >
                    <path
                      clip-rule="evenodd"
                      d="M18.685 19.097A9.723 9.723 0 0021.75 12c0-5.385-4.365-9.75-9.75-9.75S2.25 6.615 2.25 12a9.723 9.723 0 003.065 7.097A9.716 9.716 0 0012 21.75a9.716 9.716 0 006.685-2.653zm-12.54-1.285A7.486 7.486 0 0112 15a7.486 7.486 0 015.855 2.812A8.224 8.224 0 0112 20.25a8.224 8.224 0 01-5.855-2.438zM15.75 9a3.75 3.75 0 11-7.5 0 3.75 3.75 0 017.5 0z"
                      fill-rule="evenodd"
                    />
                  </svg>
                </div>
              </label>
            </div>
            <ul
              class="dropdown-content menu rounded-box w-52 bg-base-100 p-2 shadow"
              tabindex="0"
            >
              <li>
                <a
                  class="font-semibold"
                  href="/logout"
                >
                  <svg
                    aria-hidden="true"
                    class="mr-2 w-6"
                    fill="currentColor"
                    viewBox="0 0 24 24"
                    xmlns="http://www.w3.org/2000/svg"
                  >
                    <path
                      clip-rule="evenodd"
                      d="M7.5 3.75A1.5 1.5 0 006 5.25v13.5a1.5 1.5 0 001.5 1.5h6a1.5 1.5 0 001.5-1.5V15a.75.75 0 011.5 0v3.75a3 3 0 01-3 3h-6a3 3 0 01-3-3V5.25a3 3 0 013-3h6a3 3 0 013 3V9A.75.75 0 0115 9V5.25a1.5 1.5 0 00-1.5-1.5h-6zm5.03 4.72a.75.75 0 010 1.06l-1.72 1.72h10.94a.75.75 0 010 1.5H10.81l1.72 1.72a.75.75 0 11-1.06 1.06l-3-3a.75.75 0 010-1.06l3-3a.75.75 0 011.06 0z"
                      fill-rule="evenodd"
                    />
                  </svg>
                  Logout
                </a>
              </li>
            </ul>
          </div>
        </nav>
        <main
          class="mt-16 flex h-full flex-col overflow-y-auto bg-white p-4"
        />
      </div>
      <div
        class="drawer-side relative mt-16"
      >
        <label
          class="drawer-overlay"
          for="drawer"
        />
        <ul
          class="menu w-80 border-r border-primary bg-base-200 p-4 text-base-content"
        >
          <li>
            <a
              class="mb-2 justify-between rounded bg-base-300 font-semibold"
              href="/users"
            >
              Users
              <svg
                aria-hidden="true"
                class="h-6 w-6"
                fill="currentColor"
                viewBox="0 0 24 24"
                xmlns="http://www.w3.org/2000/svg"
              >
                <path
                  clip-rule="evenodd"
                  d="M16.28 11.47a.75.75 0 010 1.06l-7.5 7.5a.75.75 0 01-1.06-1.06L14.69 12 7.72 5.03a.75.75 0 011.06-1.06l7.5 7.5z"
                  fill-rule="evenodd"
                />
              </svg>
            </a>
          </li>
          <li>
            <a
              class="mb-2 justify-between rounded bg-base-300 font-semibold"
              href="/chapters"
            >
              Chapters
              <svg
                aria-hidden="true"
                class="h-6 w-6"
                fill="currentColor"
                viewBox="0 0 24 24"
                xmlns="http://www.w3.org/2000/svg"
              >
                <path
                  clip-rule="evenodd"
                  d="M16.28 11.47a.75.75 0 010 1.06l-7.5 7.5a.75.75 0 01-1.06-1.06L14.69 12 7.72 5.03a.75.75 0 011.06-1.06l7.5 7.5z"
                  fill-rule="evenodd"
                />
              </svg>
            </a>
          </li>
        </ul>
        <div
          class="absolute bottom-0 right-2 z-10 text-sm italic"
          data-testid="version"
        >
          Version 
          1
        </div>
      </div>
    </div>
  </div>
</body>
`;
